// Jest Snapshot v1, https://goo.gl/fbAQLP

exports[`PluginTooltip Renders with right props 1`] = `
<PluginTooltip
  links={
    Array [
      Object {
        "text": "Some text",
        "url": "/test-url",
      },
    ]
  }
  text="test tooltip text"
>
  <Tooltip
    arrowPointAtCenter={false}
    autoAdjustOverflow={true}
    mouseEnterDelay={0.1}
    mouseLeaveDelay={0.1}
    placement="topLeft"
    style={
      Object {
        "background": "deepskyblue",
      }
    }
    title={
      <React.Fragment>
        test tooltip text
         
        <br />
        <div>
          <a
            href="/test-url"
            rel="noopener noreferrer"
            style={
              Object {
                "color": "white",
                "textDecoration": "underline",
              }
            }
            target="_blank"
          >
            Some text
          </a>
          <br />
        </div>
      </React.Fragment>
    }
  >
    <ForwardRef(Tooltip)
      arrowContent={
        <span
          className="ant-tooltip-arrow-content"
        />
      }
      arrowPointAtCenter={false}
      autoAdjustOverflow={true}
      builtinPlacements={
        Object {
          "bottom": Object {
            "ignoreShake": true,
            "offset": Array [
              0,
              4,
            ],
            "overflow": Object {
              "adjustX": 1,
              "adjustY": 1,
            },
            "points": Array [
              "tc",
              "bc",
            ],
            "targetOffset": Array [
              0,
              0,
            ],
          },
          "bottomLeft": Object {
            "ignoreShake": true,
            "offset": Array [
              0,
              4,
            ],
            "overflow": Object {
              "adjustX": 1,
              "adjustY": 1,
            },
            "points": Array [
              "tl",
              "bl",
            ],
            "targetOffset": Array [
              0,
              0,
            ],
          },
          "bottomRight": Object {
            "ignoreShake": true,
            "offset": Array [
              0,
              4,
            ],
            "overflow": Object {
              "adjustX": 1,
              "adjustY": 1,
            },
            "points": Array [
              "tr",
              "br",
            ],
            "targetOffset": Array [
              0,
              0,
            ],
          },
          "left": Object {
            "ignoreShake": true,
            "offset": Array [
              -4,
              0,
            ],
            "overflow": Object {
              "adjustX": 1,
              "adjustY": 1,
            },
            "points": Array [
              "cr",
              "cl",
            ],
            "targetOffset": Array [
              0,
              0,
            ],
          },
          "leftBottom": Object {
            "ignoreShake": true,
            "offset": Array [
              -4,
              0,
            ],
            "overflow": Object {
              "adjustX": 1,
              "adjustY": 1,
            },
            "points": Array [
              "br",
              "bl",
            ],
            "targetOffset": Array [
              0,
              0,
            ],
          },
          "leftTop": Object {
            "ignoreShake": true,
            "offset": Array [
              -4,
              0,
            ],
            "overflow": Object {
              "adjustX": 1,
              "adjustY": 1,
            },
            "points": Array [
              "tr",
              "tl",
            ],
            "targetOffset": Array [
              0,
              0,
            ],
          },
          "right": Object {
            "ignoreShake": true,
            "offset": Array [
              4,
              0,
            ],
            "overflow": Object {
              "adjustX": 1,
              "adjustY": 1,
            },
            "points": Array [
              "cl",
              "cr",
            ],
            "targetOffset": Array [
              0,
              0,
            ],
          },
          "rightBottom": Object {
            "ignoreShake": true,
            "offset": Array [
              4,
              0,
            ],
            "overflow": Object {
              "adjustX": 1,
              "adjustY": 1,
            },
            "points": Array [
              "bl",
              "br",
            ],
            "targetOffset": Array [
              0,
              0,
            ],
          },
          "rightTop": Object {
            "ignoreShake": true,
            "offset": Array [
              4,
              0,
            ],
            "overflow": Object {
              "adjustX": 1,
              "adjustY": 1,
            },
            "points": Array [
              "tl",
              "tr",
            ],
            "targetOffset": Array [
              0,
              0,
            ],
          },
          "top": Object {
            "ignoreShake": true,
            "offset": Array [
              0,
              -4,
            ],
            "overflow": Object {
              "adjustX": 1,
              "adjustY": 1,
            },
            "points": Array [
              "bc",
              "tc",
            ],
            "targetOffset": Array [
              0,
              0,
            ],
          },
          "topLeft": Object {
            "ignoreShake": true,
            "offset": Array [
              0,
              -4,
            ],
            "overflow": Object {
              "adjustX": 1,
              "adjustY": 1,
            },
            "points": Array [
              "bl",
              "tl",
            ],
            "targetOffset": Array [
              0,
              0,
            ],
          },
          "topRight": Object {
            "ignoreShake": true,
            "offset": Array [
              0,
              -4,
            ],
            "overflow": Object {
              "adjustX": 1,
              "adjustY": 1,
            },
            "points": Array [
              "br",
              "tr",
            ],
            "targetOffset": Array [
              0,
              0,
            ],
          },
        }
      }
      motion={
        Object {
          "motionDeadline": 1000,
          "motionName": "ant-zoom-big-fast",
        }
      }
      mouseEnterDelay={0.1}
      mouseLeaveDelay={0.1}
      onPopupAlign={[Function]}
      onVisibleChange={[Function]}
      overlay={
        <React.Fragment>
          test tooltip text
           
          <br />
          <div>
            <a
              href="/test-url"
              rel="noopener noreferrer"
              style={
                Object {
                  "color": "white",
                  "textDecoration": "underline",
                }
              }
              target="_blank"
            >
              Some text
            </a>
            <br />
          </div>
        </React.Fragment>
      }
      overlayClassName=""
      placement="topLeft"
      prefixCls="ant-tooltip"
      style={
        Object {
          "background": "deepskyblue",
        }
      }
      title={
        <React.Fragment>
          test tooltip text
           
          <br />
          <div>
            <a
              href="/test-url"
              rel="noopener noreferrer"
              style={
                Object {
                  "color": "white",
                  "textDecoration": "underline",
                }
              }
              target="_blank"
            >
              Some text
            </a>
            <br />
          </div>
        </React.Fragment>
      }
      visible={false}
    >
      <Trigger
        action={
          Array [
            "hover",
          ]
        }
        afterPopupVisibleChange={[Function]}
        arrowPointAtCenter={false}
        autoAdjustOverflow={true}
        autoDestroy={false}
        blurDelay={0.15}
        builtinPlacements={
          Object {
            "bottom": Object {
              "ignoreShake": true,
              "offset": Array [
                0,
                4,
              ],
              "overflow": Object {
                "adjustX": 1,
                "adjustY": 1,
              },
              "points": Array [
                "tc",
                "bc",
              ],
              "targetOffset": Array [
                0,
                0,
              ],
            },
            "bottomLeft": Object {
              "ignoreShake": true,
              "offset": Array [
                0,
                4,
              ],
              "overflow": Object {
                "adjustX": 1,
                "adjustY": 1,
              },
              "points": Array [
                "tl",
                "bl",
              ],
              "targetOffset": Array [
                0,
                0,
              ],
            },
            "bottomRight": Object {
              "ignoreShake": true,
              "offset": Array [
                0,
                4,
              ],
              "overflow": Object {
                "adjustX": 1,
                "adjustY": 1,
              },
              "points": Array [
                "tr",
                "br",
              ],
              "targetOffset": Array [
                0,
                0,
              ],
            },
            "left": Object {
              "ignoreShake": true,
              "offset": Array [
                -4,
                0,
              ],
              "overflow": Object {
                "adjustX": 1,
                "adjustY": 1,
              },
              "points": Array [
                "cr",
                "cl",
              ],
              "targetOffset": Array [
                0,
                0,
              ],
            },
            "leftBottom": Object {
              "ignoreShake": true,
              "offset": Array [
                -4,
                0,
              ],
              "overflow": Object {
                "adjustX": 1,
                "adjustY": 1,
              },
              "points": Array [
                "br",
                "bl",
              ],
              "targetOffset": Array [
                0,
                0,
              ],
            },
            "leftTop": Object {
              "ignoreShake": true,
              "offset": Array [
                -4,
                0,
              ],
              "overflow": Object {
                "adjustX": 1,
                "adjustY": 1,
              },
              "points": Array [
                "tr",
                "tl",
              ],
              "targetOffset": Array [
                0,
                0,
              ],
            },
            "right": Object {
              "ignoreShake": true,
              "offset": Array [
                4,
                0,
              ],
              "overflow": Object {
                "adjustX": 1,
                "adjustY": 1,
              },
              "points": Array [
                "cl",
                "cr",
              ],
              "targetOffset": Array [
                0,
                0,
              ],
            },
            "rightBottom": Object {
              "ignoreShake": true,
              "offset": Array [
                4,
                0,
              ],
              "overflow": Object {
                "adjustX": 1,
                "adjustY": 1,
              },
              "points": Array [
                "bl",
                "br",
              ],
              "targetOffset": Array [
                0,
                0,
              ],
            },
            "rightTop": Object {
              "ignoreShake": true,
              "offset": Array [
                4,
                0,
              ],
              "overflow": Object {
                "adjustX": 1,
                "adjustY": 1,
              },
              "points": Array [
                "tl",
                "tr",
              ],
              "targetOffset": Array [
                0,
                0,
              ],
            },
            "top": Object {
              "ignoreShake": true,
              "offset": Array [
                0,
                -4,
              ],
              "overflow": Object {
                "adjustX": 1,
                "adjustY": 1,
              },
              "points": Array [
                "bc",
                "tc",
              ],
              "targetOffset": Array [
                0,
                0,
              ],
            },
            "topLeft": Object {
              "ignoreShake": true,
              "offset": Array [
                0,
                -4,
              ],
              "overflow": Object {
                "adjustX": 1,
                "adjustY": 1,
              },
              "points": Array [
                "bl",
                "tl",
              ],
              "targetOffset": Array [
                0,
                0,
              ],
            },
            "topRight": Object {
              "ignoreShake": true,
              "offset": Array [
                0,
                -4,
              ],
              "overflow": Object {
                "adjustX": 1,
                "adjustY": 1,
              },
              "points": Array [
                "br",
                "tr",
              ],
              "targetOffset": Array [
                0,
                0,
              ],
            },
          }
        }
        defaultPopupVisible={false}
        destroyPopupOnHide={false}
        focusDelay={0}
        getDocument={[Function]}
        getPopupClassNameFromAlign={[Function]}
        hideAction={Array []}
        mask={false}
        maskClosable={true}
        mouseEnterDelay={0.1}
        mouseLeaveDelay={0.1}
        onPopupAlign={[Function]}
        onPopupVisibleChange={[Function]}
        popup={[Function]}
        popupAlign={Object {}}
        popupClassName=""
        popupMotion={
          Object {
            "motionDeadline": 1000,
            "motionName": "ant-zoom-big-fast",
          }
        }
        popupPlacement="topLeft"
        popupStyle={Object {}}
        popupVisible={false}
        prefixCls="ant-tooltip"
        showAction={Array []}
        style={
          Object {
            "background": "deepskyblue",
          }
        }
        title={
          <React.Fragment>
            test tooltip text
             
            <br />
            <div>
              <a
                href="/test-url"
                rel="noopener noreferrer"
                style={
                  Object {
                    "color": "white",
                    "textDecoration": "underline",
                  }
                }
                target="_blank"
              >
                Some text
              </a>
              <br />
            </div>
          </React.Fragment>
        }
        visible={false}
      >
        <ForwardRef(QuestionCircleFilled)
          key="trigger"
          onMouseEnter={[Function]}
          onMouseLeave={[Function]}
          style={
            Object {
              "marginLeft": "5px",
            }
          }
        >
          <AntdIcon
            icon={
              Object {
                "icon": Object {
                  "attrs": Object {
                    "focusable": "false",
                    "viewBox": "64 64 896 896",
                  },
                  "children": Array [
                    Object {
                      "attrs": Object {
                        "d": "M512 64C264.6 64 64 264.6 64 512s200.6 448 448 448 448-200.6 448-448S759.4 64 512 64zm0 708c-22.1 0-40-17.9-40-40s17.9-40 40-40 40 17.9 40 40-17.9 40-40 40zm62.9-219.5a48.3 48.3 0 00-30.9 44.8V620c0 4.4-3.6 8-8 8h-48c-4.4 0-8-3.6-8-8v-21.5c0-23.1 6.7-45.9 19.9-64.9 12.9-18.6 30.9-32.8 52.1-40.9 34-13.1 56-41.6 56-72.7 0-44.1-43.1-80-96-80s-96 35.9-96 80v7.6c0 4.4-3.6 8-8 8h-48c-4.4 0-8-3.6-8-8V420c0-39.3 17.2-76 48.4-103.3C430.4 290.4 470 276 512 276s81.6 14.5 111.6 40.7C654.8 344 672 380.7 672 420c0 57.8-38.1 109.8-97.1 132.5z",
                      },
                      "tag": "path",
                    },
                  ],
                  "tag": "svg",
                },
                "name": "question-circle",
                "theme": "filled",
              }
            }
            onMouseEnter={[Function]}
            onMouseLeave={[Function]}
            style={
              Object {
                "marginLeft": "5px",
              }
            }
          >
            <span
              aria-label="question-circle"
              className="anticon anticon-question-circle"
              onMouseEnter={[Function]}
              onMouseLeave={[Function]}
              role="img"
              style={
                Object {
                  "marginLeft": "5px",
                }
              }
            >
              <IconReact
                icon={
                  Object {
                    "icon": Object {
                      "attrs": Object {
                        "focusable": "false",
                        "viewBox": "64 64 896 896",
                      },
                      "children": Array [
                        Object {
                          "attrs": Object {
                            "d": "M512 64C264.6 64 64 264.6 64 512s200.6 448 448 448 448-200.6 448-448S759.4 64 512 64zm0 708c-22.1 0-40-17.9-40-40s17.9-40 40-40 40 17.9 40 40-17.9 40-40 40zm62.9-219.5a48.3 48.3 0 00-30.9 44.8V620c0 4.4-3.6 8-8 8h-48c-4.4 0-8-3.6-8-8v-21.5c0-23.1 6.7-45.9 19.9-64.9 12.9-18.6 30.9-32.8 52.1-40.9 34-13.1 56-41.6 56-72.7 0-44.1-43.1-80-96-80s-96 35.9-96 80v7.6c0 4.4-3.6 8-8 8h-48c-4.4 0-8-3.6-8-8V420c0-39.3 17.2-76 48.4-103.3C430.4 290.4 470 276 512 276s81.6 14.5 111.6 40.7C654.8 344 672 380.7 672 420c0 57.8-38.1 109.8-97.1 132.5z",
                          },
                          "tag": "path",
                        },
                      ],
                      "tag": "svg",
                    },
                    "name": "question-circle",
                    "theme": "filled",
                  }
                }
              >
                <svg
                  aria-hidden="true"
                  data-icon="question-circle"
                  fill="currentColor"
                  focusable="false"
                  height="1em"
                  key="svg-question-circle"
                  viewBox="64 64 896 896"
                  width="1em"
                >
                  <path
                    d="M512 64C264.6 64 64 264.6 64 512s200.6 448 448 448 448-200.6 448-448S759.4 64 512 64zm0 708c-22.1 0-40-17.9-40-40s17.9-40 40-40 40 17.9 40 40-17.9 40-40 40zm62.9-219.5a48.3 48.3 0 00-30.9 44.8V620c0 4.4-3.6 8-8 8h-48c-4.4 0-8-3.6-8-8v-21.5c0-23.1 6.7-45.9 19.9-64.9 12.9-18.6 30.9-32.8 52.1-40.9 34-13.1 56-41.6 56-72.7 0-44.1-43.1-80-96-80s-96 35.9-96 80v7.6c0 4.4-3.6 8-8 8h-48c-4.4 0-8-3.6-8-8V420c0-39.3 17.2-76 48.4-103.3C430.4 290.4 470 276 512 276s81.6 14.5 111.6 40.7C654.8 344 672 380.7 672 420c0 57.8-38.1 109.8-97.1 132.5z"
                    key="svg-question-circle-svg-0"
                  />
                </svg>
              </IconReact>
            </span>
          </AntdIcon>
        </ForwardRef(QuestionCircleFilled)>
      </Trigger>
    </ForwardRef(Tooltip)>
  </Tooltip>
</PluginTooltip>
`;
